// Jest Snapshot v1, https://goo.gl/fbAQLP

exports[`Settings page Matches snapshot 1`] = `"<div class=\\"container\\"><div class=\\"row justify-content-center\\"><div class=\\"col-lg-6 col-md-8 col-sm\\"><div class=\\"content\\"><div style=\\"border-bottom: 4px solid #f4f4f4;\\"><div class=\\"row\\"><div class=\\"col-md-6\\"><h1 style=\\"margin: 0px;\\">Settings</h1></div><div class=\\"col-md-6\\" style=\\"display: flex;\\"><div class=\\"row\\" style=\\"margin: auto;\\"><div class=\\"col-6\\"><button class=\\"MuiButtonBase-root MuiButton-root MuiButton-text button settings-button\\" tabindex=\\"0\\" type=\\"button\\" id=\\"ACCOUNT-button\\"><span class=\\"MuiButton-label\\">Akun</span><span class=\\"MuiTouchRipple-root\\"></span></button></div><div class=\\"col-6\\"><button class=\\"MuiButtonBase-root MuiButton-root MuiButton-text button settings-button\\" tabindex=\\"0\\" type=\\"button\\" id=\\"COURSE-button\\"><span class=\\"MuiButton-label\\">Kelas</span><span class=\\"MuiTouchRipple-root\\"></span></button></div></div></div></div><div class=\\"row justify-content-end\\"><div class=\\"col-md-6\\"><div class=\\"row\\" style=\\"margin: auto;\\"><div class=\\"col-6\\"><div style=\\"display: flex; justify-content: center;\\"><div style=\\"width: 0px; height: 0px; border-left: 5px solid transparent; border-right: 5px solid transparent; border-bottom: 5px solid #f4f4f4;\\" id=\\"ACCOUNT\\"></div></div></div><div class=\\"col-6\\"><div style=\\"display: flex; justify-content: center;\\"><div id=\\"COURSE\\"></div></div></div></div></div></div></div><div><div><div class=\\"content\\" style=\\"border-bottom: 2px solid #F4F4F4; padding-left: 0px; padding-right: 0px;\\"><div><h5>Basic</h5></div><div class=\\"row justify-content-end\\"><div class=\\"col-md-11\\"><form id=\\"profile-form\\" class=\\"\\"><div class=\\"row form-group\\"><label class=\\"col-sm-5 col-form-label\\">Nama Depan</label><div class=\\"col-sm-7\\"><input id=\\"firstName\\" type=\\"text\\" class=\\"form-control\\" value=\\"\\"></div></div><div class=\\"row form-group\\"><label class=\\"col-sm-5 col-form-label\\">Nama Belakang</label><div class=\\"col-sm-7\\"><input id=\\"lastName\\" type=\\"text\\" class=\\"form-control\\" value=\\"\\"></div></div><div class=\\"row form-group\\"><label class=\\"col-sm-5 col-form-label\\">Nama Universitas</label><div class=\\"col-sm-7\\"><input id=\\"school\\" type=\\"text\\" class=\\"form-control\\" value=\\"\\"></div></div><div class=\\"row form-group\\"><label class=\\"col-sm-5 col-form-label\\">Email</label><div class=\\"col-sm-7\\"><input id=\\"email\\" type=\\"email\\" class=\\"form-control\\" value=\\"\\"></div></div><div class=\\"row justify-content-end\\"><div class=\\"col-sm-7\\"><button type=\\"submit\\" style=\\"width: 100%;\\" class=\\"neutral-button btn btn-secondary\\">Simpan perubahan</button></div></div></form></div></div></div><div class=\\"content\\" style=\\"padding-left: 0px; padding-right: 0px;\\"><h5>Password</h5><div class=\\"row justify-content-end\\"><div class=\\"col-md-11\\"><p style=\\"margin-bottom: 2rem;\\">Dengan membuat password memastkan anda dapat log in ke akun Harus Bisa anda</p><form id=\\"password-form\\" class=\\"\\"><div class=\\"row form-group\\"><label class=\\"col-sm-5 col-form-label\\">Password Lama</label><div class=\\"col-sm-7\\"><input id=\\"oldPassword\\" type=\\"text\\" class=\\"form-control\\" value=\\"\\"></div></div><div class=\\"row form-group\\"><label class=\\"col-sm-5 col-form-label\\">Password Baru</label><div class=\\"col-sm-7\\"><input id=\\"newPassword\\" type=\\"text\\" class=\\"form-control\\" value=\\"\\"></div></div><div class=\\"row form-group\\"><label class=\\"col-sm-5 col-form-label\\">Ulangi Password Baru</label><div class=\\"col-sm-7\\"><input id=\\"verifyNewPassword\\" type=\\"text\\" class=\\"form-control\\" value=\\"\\"></div></div><div class=\\"row justify-content-end\\"><div class=\\"col-sm-7\\"><button type=\\"submit\\" style=\\"width: 100%;\\" class=\\"neutral-button btn btn-secondary\\">Simpan perubahan</button></div></div></form></div></div></div></div></div></div></div></div></div>"`;
