// Jest Snapshot v1, https://goo.gl/fbAQLP

exports[`AccountSettingsForm component Matches snapshot 1`] = `"<div><div class=\\"content\\" style=\\"border-bottom: 2px solid #F4F4F4; padding-left: 0px; padding-right: 0px;\\"><div><h5>Basic</h5></div><div class=\\"row justify-content-end\\"><div class=\\"col-md-11\\"><form id=\\"profile-form\\" class=\\"\\"><div class=\\"row form-group\\"><label class=\\"col-sm-5 col-form-label\\">Nama Depan</label><div class=\\"col-sm-7\\"><input id=\\"firstName\\" type=\\"text\\" class=\\"form-control\\" value=\\"\\"></div></div><div class=\\"row form-group\\"><label class=\\"col-sm-5 col-form-label\\">Nama Belakang</label><div class=\\"col-sm-7\\"><input id=\\"lastName\\" type=\\"text\\" class=\\"form-control\\" value=\\"\\"></div></div><div class=\\"row form-group\\"><label class=\\"col-sm-5 col-form-label\\">Nama Universitas</label><div class=\\"col-sm-7\\"><input id=\\"school\\" type=\\"text\\" class=\\"form-control\\" value=\\"\\"></div></div><div class=\\"row form-group\\"><label class=\\"col-sm-5 col-form-label\\">Email</label><div class=\\"col-sm-7\\"><input id=\\"email\\" type=\\"email\\" class=\\"form-control\\" value=\\"\\"></div></div><div class=\\"row justify-content-end\\"><div class=\\"col-sm-7\\"><button type=\\"submit\\" style=\\"width: 100%;\\" class=\\"neutral-button btn btn-secondary\\">Simpan perubahan</button></div></div></form></div></div></div><div class=\\"content\\" style=\\"padding-left: 0px; padding-right: 0px;\\"><h5>Password</h5><div class=\\"row justify-content-end\\"><div class=\\"col-md-11\\"><p style=\\"margin-bottom: 2rem;\\">Dengan membuat password memastkan anda dapat log in ke akun Harus Bisa anda</p><form id=\\"password-form\\" class=\\"\\"><div class=\\"row form-group\\"><label class=\\"col-sm-5 col-form-label\\">Password Lama</label><div class=\\"col-sm-7\\"><input id=\\"oldPassword\\" type=\\"password\\" class=\\"form-control\\" value=\\"\\"></div></div><div class=\\"row form-group\\"><label class=\\"col-sm-5 col-form-label\\">Password Baru</label><div class=\\"col-sm-7\\"><input id=\\"newPassword\\" type=\\"password\\" class=\\"form-control\\" value=\\"\\"></div></div><div class=\\"row form-group\\"><label class=\\"col-sm-5 col-form-label\\">Ulangi Password Baru</label><div class=\\"col-sm-7\\"><input id=\\"verifyNewPassword\\" type=\\"password\\" class=\\"form-control\\" value=\\"\\"></div></div><div class=\\"row justify-content-end\\"><div class=\\"col-sm-7\\"><button type=\\"submit\\" style=\\"width: 100%;\\" class=\\"neutral-button btn btn-secondary\\">Simpan perubahan</button></div></div></form></div></div></div></div>"`;
