// Jest Snapshot v1, https://goo.gl/fbAQLP

exports[`Course Home component matches snapshot 1`] = `"<div><h1></h1><p></p><p> - </p><p>Kode bergabung: </p><p>Jumlah sesi: </p><p>Jumlah murid: </p></div>"`;
