// Jest Snapshot v1, https://goo.gl/fbAQLP

exports[`Course Lecture component matches snapshot 1`] = `"<div class=\\"content\\"><header><button class=\\"MuiButtonBase-root MuiButton-root MuiButton-text\\" tabindex=\\"0\\" type=\\"button\\"><span class=\\"MuiButton-label\\">abc</span></button><h1>Sesi 27/11/2019</h1></header><div style=\\"margin:1rem 0\\"><div class=\\"row\\"><div class=\\"col-3\\"><button class=\\"MuiButtonBase-root MuiButton-root MuiButton-text lecture-button MuiButton-fullWidth\\" tabindex=\\"0\\" type=\\"button\\"><span class=\\"MuiButton-label\\"><div><div class=\\"row\\"><div class=\\"col-4\\" style=\\"display:flex\\"><svg class=\\"MuiSvgIcon-root student-icon\\" focusable=\\"false\\" viewBox=\\"0 0 24 24\\" aria-hidden=\\"true\\" role=\\"presentation\\" style=\\"margin:auto\\"><path d=\\"M8 5v14l11-7z\\"></path></svg></div><div class=\\"col-8\\" style=\\"display:flex\\"><p style=\\"margin:auto\\">Buka kelas</p></div></div></div></span></button></div><div class=\\"col-3\\"><div><button class=\\"MuiButtonBase-root MuiButton-root MuiButton-text lecture-button\\" tabindex=\\"0\\" type=\\"button\\"><span class=\\"MuiButton-label\\"><div><div class=\\"row\\"><div class=\\"col-4\\" style=\\"display:flex\\"><svg class=\\"MuiSvgIcon-root student-icon\\" focusable=\\"false\\" viewBox=\\"0 0 24 24\\" aria-hidden=\\"true\\" role=\\"presentation\\" style=\\"margin:auto\\"><path d=\\"M19 13h-6v6h-2v-6H5v-2h6V5h2v6h6v2z\\"></path></svg></div><div class=\\"col-8\\" style=\\"display:flex\\"><p style=\\"margin:auto\\">Tambah Pertanyaan</p></div></div></div></span></button></div></div><div class=\\"col-3\\"><div><button class=\\"MuiButtonBase-root MuiButton-root MuiButton-text lecture-button\\" tabindex=\\"0\\" type=\\"button\\"><span class=\\"MuiButton-label\\"><div><div class=\\"row\\"><div class=\\"col-4\\" style=\\"display:flex\\"><svg class=\\"MuiSvgIcon-root student-icon\\" focusable=\\"false\\" viewBox=\\"0 0 24 24\\" aria-hidden=\\"true\\" role=\\"presentation\\" style=\\"margin:auto\\"><path d=\\"M10 20h4V4h-4v16zm-6 0h4v-8H4v8zM16 9v11h4V9h-4z\\"></path></svg></div><div class=\\"col-8\\" style=\\"display:flex\\"><p style=\\"margin:auto\\">Statistik Sesi 27/11/2019</p></div></div></div></span></button></div></div><div class=\\"col-3\\"><div><button class=\\"MuiButtonBase-root MuiButton-root MuiButton-text lecture-button\\" tabindex=\\"0\\" type=\\"button\\"><span class=\\"MuiButton-label\\"><div><div class=\\"row\\"><div class=\\"col-4\\" style=\\"display:flex\\"><svg class=\\"MuiSvgIcon-root student-icon\\" focusable=\\"false\\" viewBox=\\"0 0 24 24\\" aria-hidden=\\"true\\" role=\\"presentation\\" style=\\"margin:auto\\"><path d=\\"M12 8c1.1 0 2-.9 2-2s-.9-2-2-2-2 .9-2 2 .9 2 2 2zm0 2c-1.1 0-2 .9-2 2s.9 2 2 2 2-.9 2-2-.9-2-2-2zm0 6c-1.1 0-2 .9-2 2s.9 2 2 2 2-.9 2-2-.9-2-2-2z\\"></path></svg></div><div class=\\"col-8\\" style=\\"display:flex\\"><p style=\\"margin:auto\\">Setting Sesi 27/11/2019</p></div></div></div></span></button></div></div></div></div><div><div class=\\"MuiPaper-root MuiPaper-elevation1 MuiCard-root card MuiPaper-rounded\\"><div class=\\"MuiCardContent-root\\"><div class=\\"row\\"><div class=\\"col-1\\"><p>1</p></div><div class=\\"col-9\\"><p>1 + 1 = ?</p></div><div class=\\"col-2\\"><button class=\\"MuiButtonBase-root MuiIconButton-root\\" tabindex=\\"0\\" type=\\"button\\"><span class=\\"MuiIconButton-label\\"><svg class=\\"MuiSvgIcon-root\\" focusable=\\"false\\" viewBox=\\"0 0 24 24\\" aria-hidden=\\"true\\" role=\\"presentation\\"><path d=\\"M12 8c1.1 0 2-.9 2-2s-.9-2-2-2-2 .9-2 2 .9 2 2 2zm0 2c-1.1 0-2 .9-2 2s.9 2 2 2 2-.9 2-2-.9-2-2-2zm0 6c-1.1 0-2 .9-2 2s.9 2 2 2 2-.9 2-2-.9-2-2-2z\\"></path></svg></span></button></div></div></div><div class=\\"MuiCollapse-container MuiCollapse-hidden\\" style=\\"min-height:0px\\"><div class=\\"MuiCollapse-wrapper\\"><div class=\\"MuiCollapse-wrapperInner\\"><div><div><p>A. 4</p></div><div><p>B. 2</p></div><div><p>C. 0</p></div></div></div></div></div><div class=\\"MuiCardActions-root MuiCardActions-spacing\\"><button class=\\"MuiButtonBase-root MuiIconButton-root\\" tabindex=\\"0\\" type=\\"button\\"><span class=\\"MuiIconButton-label\\"><svg class=\\"MuiSvgIcon-root\\" focusable=\\"false\\" viewBox=\\"0 0 24 24\\" aria-hidden=\\"true\\" role=\\"presentation\\"><path d=\\"M16.59 8.59L12 13.17 7.41 8.59 6 10l6 6 6-6z\\"></path></svg></span></button></div></div></div></div>"`;
