// Jest Snapshot v1, https://goo.gl/fbAQLP

exports[`CourseForm component matches snapshot 1`] = `"<div class=\\"container-fluid\\"><div class=\\"row\\" style=\\"border-bottom: 2px solid #FFE01C;\\"><div class=\\"col-12\\" style=\\"display: flex; justify-content: center; padding: 1rem 2rem;\\"><h3>Tambahkan Kelas Baru</h3></div></div><div class=\\"content\\"><form style=\\"min-width: 50vw;\\" class=\\"\\"><div class=\\"row form-group\\"><label class=\\"col-sm-4 col-form-label\\">Nama Kelas</label><div class=\\"col-sm-8\\"><input id=\\"courseName\\" placeholder=\\"Contoh: Biologi Molekuler Kelas A\\" type=\\"text\\" class=\\"form-control\\" value=\\"\\"><small class=\\"form-text text-muted\\">Nama ini adalah nama yang akan dilihat siswa Anda.</small></div></div><div class=\\"row form-group\\"><label class=\\"col-sm-4 col-form-label\\">Periode Kelas</label><div class=\\"col-sm-8\\"><div class=\\"row\\"><div class=\\"col-5\\"><select name=\\"select\\" id=\\"startDate\\" class=\\"form-control\\"><option>Juli 2019</option><option>Juli 2020</option><option>Juli 2021</option><option>Juli 2022</option><option>Juli 2023</option></select></div><div class=\\"col-2\\" style=\\"display: flex;\\"><p style=\\"margin: auto;\\">-</p></div><div class=\\"col-5\\"><select name=\\"select\\" id=\\"endDate\\" class=\\"form-control\\"><option>Juli 2019</option><option>Juli 2020</option><option>Juli 2021</option><option>Juli 2022</option><option>Juli 2023</option></select></div></div></div></div><div class=\\"row justify-content-end\\"><div class=\\"col-3\\"><button class=\\"MuiButtonBase-root MuiButton-root MuiButton-text prof-button Mui-disabled MuiButton-fullWidth Mui-disabled\\" tabindex=\\"-1\\" type=\\"submit\\" disabled=\\"\\"><span class=\\"MuiButton-label\\">Tambahkan</span></button></div></div></form></div></div>"`;
