// Jest Snapshot v1, https://goo.gl/fbAQLP

exports[`InsideNavbar component Matches snapshot 1`] = `"<div style=\\"background: rgb(244, 244, 244); position: sticky; top: 0px; z-index: 999;\\"><div class=\\"container\\"><div class=\\"d-none d-md-block\\"><nav class=\\"navbar navbar-expand-md navbar-light\\"><ul style=\\"width: 100%; justify-content: space-between;\\" class=\\"navbar-nav\\"><li class=\\"dropdown nav-item\\"><a aria-haspopup=\\"true\\" href=\\"#\\" class=\\"dropdown-toggle nav-link\\" aria-expanded=\\"false\\">Kelas</a><div tabindex=\\"-1\\" role=\\"menu\\" aria-hidden=\\"true\\" class=\\"dropdown-menu\\"><button type=\\"button\\" tabindex=\\"0\\" role=\\"menuitem\\" class=\\"dropdown-item\\"><a href=\\"/student/dashboard/5db492c349a67b33b8d0a2a2\\" class=\\"nav-link\\">Calculus I</a></button></div></li><a href=\\"/\\" class=\\"navbar-brand\\"><div class=\\"full \\" style=\\"height: 2rem;\\"><img alt=\\"logo\\" class=\\"hvr-bob\\" src=\\"Harus_Bisa-07-Full-Blk-Trans-NoPad_1.png\\"><img alt=\\"logo\\" src=\\"Harus_Bisa-07-Full-Blk-Trans-NoPad_2.png\\"></div></a><li class=\\"dropdown nav-item\\"><a aria-haspopup=\\"true\\" href=\\"#\\" class=\\"dropdown-toggle nav-link\\" aria-expanded=\\"false\\"> </a><div tabindex=\\"-1\\" role=\\"menu\\" aria-hidden=\\"true\\" class=\\"dropdown-menu\\"><button type=\\"button\\" tabindex=\\"0\\" role=\\"menuitem\\" class=\\"dropdown-item\\">Notifikasi</button><div tabindex=\\"-1\\" class=\\"dropdown-divider\\"></div><button type=\\"button\\" tabindex=\\"0\\" role=\\"menuitem\\" class=\\"dropdown-item\\">Setting</button><button type=\\"button\\" tabindex=\\"0\\" role=\\"menuitem\\" class=\\"dropdown-item\\">Bantuan</button><button type=\\"button\\" id=\\"big-logoff\\" tabindex=\\"0\\" role=\\"menuitem\\" class=\\"dropdown-item\\">Log off</button></div></li></ul></nav></div><div class=\\"d-md-none\\"><nav class=\\"navbar navbar-expand-md navbar-light bg-faded\\"><a href=\\"/\\" class=\\"navbar-brand\\"><div class=\\"full \\" style=\\"height: 2rem;\\"><img alt=\\"logo\\" class=\\"hvr-bob\\" src=\\"Harus_Bisa-07-Full-Blk-Trans-NoPad_1.png\\"><img alt=\\"logo\\" src=\\"Harus_Bisa-07-Full-Blk-Trans-NoPad_2.png\\"></div></a><div><button class=\\"MuiButtonBase-root MuiButton-root MuiButton-text\\" tabindex=\\"0\\" type=\\"button\\"><span class=\\"MuiButton-label\\">+</span><span class=\\"MuiTouchRipple-root\\"></span></button></div><button aria-label=\\"Toggle navigation\\" type=\\"button\\" class=\\"mr-2 navbar-toggler\\"><span class=\\"navbar-toggler-icon\\"></span></button><div class=\\"collapse navbar-collapse\\" aria-expanded=\\"false\\"><ul class=\\"navbar-nav\\"><li class=\\"dropdown nav-item\\"><a aria-haspopup=\\"true\\" href=\\"#\\" class=\\"dropdown-toggle nav-link\\" aria-expanded=\\"false\\">Kelas</a><div tabindex=\\"-1\\" role=\\"menu\\" aria-hidden=\\"true\\" class=\\"dropdown-menu\\"><button type=\\"button\\" tabindex=\\"0\\" role=\\"menuitem\\" class=\\"dropdown-item\\"><a href=\\"/student/dashboard/5db492c349a67b33b8d0a2a2\\" class=\\"nav-link\\">Calculus I</a></button></div></li><li class=\\"dropdown nav-item\\"><a aria-haspopup=\\"true\\" href=\\"#\\" class=\\"dropdown-toggle nav-link\\" aria-expanded=\\"false\\"> </a><div tabindex=\\"-1\\" role=\\"menu\\" aria-hidden=\\"true\\" class=\\"dropdown-menu\\"><button type=\\"button\\" tabindex=\\"0\\" role=\\"menuitem\\" class=\\"dropdown-item\\">Setting</button><button type=\\"button\\" tabindex=\\"0\\" role=\\"menuitem\\" class=\\"dropdown-item\\">Bantuan</button></div></li><li id=\\"small-logoff\\" class=\\"nav-item\\">Log off</li></ul></div></nav></div></div></div>"`;
