// Jest Snapshot v1, https://goo.gl/fbAQLP

exports[`LectureButtonContent component matches snapshot 1`] = `"<div><div class=\\"row\\"><div class=\\"col-4\\" style=\\"display:flex\\"></div><div class=\\"col-8\\" style=\\"display:flex\\"><p style=\\"margin:auto\\"></p></div></div></div>"`;
