// Jest Snapshot v1, https://goo.gl/fbAQLP

exports[`QuizForm component matches snapshot 1`] = `"<div><div class=\\"container\\"><div class=\\"row\\"><div class=\\"col-5 content\\"><div><button class=\\"MuiButtonBase-root MuiButton-root MuiButton-text MuiButton-fullWidth\\" tabindex=\\"0\\" type=\\"button\\" id=\\"multiple-choice\\"><span class=\\"MuiButton-label\\"><div style=\\"display: flex; flex-direction: column; text-align: start; margin-top: 15px; margin-bottom: 15px;\\"><h5>Pilihan Ganda</h5><p>Tanggal ini akan menjadi nama sesi anda</p></div></span><span class=\\"MuiTouchRipple-root\\"></span></button><button class=\\"MuiButtonBase-root MuiButton-root MuiButton-text MuiButton-fullWidth\\" tabindex=\\"0\\" type=\\"button\\" id=\\"word\\"><span class=\\"MuiButton-label\\"><div style=\\"display: flex; flex-direction: column; text-align: start; margin-top: 15px; margin-bottom: 15px;\\"><h5>Isian</h5><p>Tanggal ini akan menjadi nama sesi anda</p></div></span><span class=\\"MuiTouchRipple-root\\"></span></button><button class=\\"MuiButtonBase-root MuiButton-root MuiButton-text MuiButton-fullWidth\\" tabindex=\\"0\\" type=\\"button\\"><span class=\\"MuiButton-label\\"><div style=\\"display: flex; flex-direction: column; text-align: start; margin-top: 15px; margin-bottom: 15px;\\" id=\\"numeric\\"><h5>Angka</h5><p>Tanggal ini akan menjadi nama sesi anda</p></div></span><span class=\\"MuiTouchRipple-root\\"></span></button></div></div><div class=\\"col-7\\" style=\\"background: rgb(239, 241, 245);\\"><div style=\\"display: flex; height: 100%; width: 100%;\\"><img src=\\"multipleChoice.png\\" alt=\\"Pilihan Ganda\\" style=\\"margin: auto;\\"></div></div></div></div></div>"`;
