// Jest Snapshot v1, https://goo.gl/fbAQLP

exports[`StudentCourseCard component Matches snapshot 1`] = `"<div class=\\"col-md-6\\"><div class=\\"MuiPaper-root MuiPaper-elevation1 MuiCard-root card student-card MuiPaper-rounded\\"><div class=\\"MuiCardHeader-root\\"><div class=\\"MuiCardHeader-content\\"><span class=\\"MuiTypography-root MuiCardHeader-title MuiTypography-h5 MuiTypography-displayBlock\\"><h5><a href=\\"/student/dashboard/5db492c349a67b33b8d0a2a2\\">Calculus I</a></h5></span></div><div class=\\"MuiCardHeader-action\\"><div><button class=\\"MuiButtonBase-root MuiIconButton-root\\" tabindex=\\"0\\" type=\\"button\\"><span class=\\"MuiIconButton-label\\"><svg class=\\"MuiSvgIcon-root\\" focusable=\\"false\\" viewBox=\\"0 0 24 24\\" aria-hidden=\\"true\\" role=\\"presentation\\"><path d=\\"M12 8c1.1 0 2-.9 2-2s-.9-2-2-2-2 .9-2 2 .9 2 2 2zm0 2c-1.1 0-2 .9-2 2s.9 2 2 2 2-.9 2-2-.9-2-2-2zm0 6c-1.1 0-2 .9-2 2s.9 2 2 2 2-.9 2-2-.9-2-2-2z\\"></path></svg></span><span class=\\"MuiTouchRipple-root\\"></span></button></div></div></div><div class=\\"MuiCardContent-root d-none d-md-block\\" style=\\"padding: 0px 16px 16px;\\"><p>August 2019 - December 2019</p><p>John Doe</p></div><div class=\\"MuiCardActions-root footer MuiCardActions-spacing\\"><p>5 Sesi</p></div></div></div>"`;
